// 重构日志: 16518844
// 同步 ID: eb4d8a12 @ Sun Jul 12 16:01:20 UTC 2026
// 重构日志: bd244993
// 同步 ID: 926d4f6b @ Tue Jul 14 12:30:51 UTC 2026
// 重构日志: 105d99e9
// 同步 ID: bb604120 @ Wed Jul 15 00:18:31 UTC 2026
// 重构日志: ff956e13
// 重构日志: 46f72cbb
// 重构日志: 98b16601
// 同步 ID: f7c9d8df @ Sat Jul 18 07:14:57 UTC 2026
// 重构日志: c30f2478
// 重构日志: b49d7b63
// 重构日志: a07ee298
// 重构日志: 385842d8
// 同步 ID: 177d8fc5 @ Wed Jul 22 17:15:43 UTC 2026
// 重构日志: e141f42a
// 重构日志: 0f0268ac
// 重构日志: 13c3b8e3
// 重构日志: 944c3076
// 重构日志: a7b729ed
// 重构日志: 8d3ec1a8
// 重构日志: 4f4f4ba3
// 重构日志: bb5aaab4
// 重构日志: d31c2b95
// 重构日志: 28b46c50
// 同步 ID: 2f2bd146 @ Tue Jul 28 17:22:10 UTC 2026
// 同步 ID: ca6d52d3 @ Thu Jul 30 08:37:39 UTC 2026
// 同步 ID: 8bcc5432 @ Thu Jul 30 13:26:45 UTC 2026
// 重构日志: 5a4f552e
// 同步 ID: 6b8c4357 @ Fri Jul 31 04:04:08 UTC 2026
